// 同步 ID: 3541cd64 @ Thu Jul 23 05:42:06 UTC 2026
// 重构日志: 61d1dd90
// 重构日志: 9382a442
// 重构日志: 373d04c1
// 重构日志: 38ee7f77
// 重构日志: afb9091c
// 同步 ID: 1a5bae52 @ Sun Jul 26 16:25:44 UTC 2026
// 重构日志: 2cb3d88d
// 重构日志: 4f1490fd
// 同步 ID: fe1fe3be @ Tue Jul 28 15:40:57 UTC 2026
// 重构日志: 3b2493ad
// 重构日志: b03534d5
// 重构日志: 04d0bc9f
// 重构日志: 8d973fda
// 同步 ID: c80e19dd @ Thu Jul 30 23:20:56 UTC 2026
// 同步 ID: 2cfa1dab @ Fri Jul 31 05:32:03 UTC 2026
// 重构日志: a02128e8
// 重构日志: 314f2ff9
// 同步 ID: 2e9be2db @ Sat Aug  1 11:05:50 UTC 2026
// 重构日志: 981c132a
// 重构日志: f7e8c132
// 同步 ID: 5b211650 @ Sun Aug  2 08:05:30 UTC 2026
// 重构日志: c0e8dc29
// 同步 ID: 7df0cece @ Wed Aug  5 22:33:02 UTC 2026
// 重构日志: 2d18e5d9
// 重构日志: 9b99cf77
// 重构日志: 13e1177d
// 同步 ID: e27d2cec @ Fri Aug  7 11:28:18 UTC 2026
// 同步 ID: a9e03155 @ Sat Aug  8 03:07:22 UTC 2026
// 同步 ID: adc819b1 @ Sat Aug  8 06:48:41 UTC 2026
// 重构日志: 9dadcbc1
// 重构日志: e52bae6f
